Log file: /data/newProject_HE_classification/Results/Step1_Overview_results/log_step1.log
Raw root: /data/newProject_HE_classification
Metadata: /data/newProject_HE_classification/Metadata.xlsx
Image directory: /data/newProject_HE_classification/train_images
Output directory: /data/newProject_HE_classification/Results/Step1_Overview_results

Total WSI: 2802

ISUP distribution:
isup_grade
0    2298
3      66
4     301
5     137
Name: count, dtype: Int64

Data provider distribution:
data_provider
Kruss    2802
Name: count, dtype: int64

Objective lens distribution:
objective_lens
10X     830
40X    1608
4X      364
Name: count, dtype: int64

Slides with image files: 364
Slides without image files: 2438

Slides with masks: 0
Slides without masks: 2802

Missing metadata (% per column if any):
file_name           0.0
image_id            0.0
data_provider       0.0
isup_grade          0.0
objective_lens      0.0
Id                  0.0
Ma_So               0.0
Ma_Nam              0.0
Ket_Luan            0.0
Ten_Slide           0.0
image_found         0.0
actual_file_name    0.0
dtype: float64

Rows with missing ISUP grade: 0
Problem rows saved to: /data/newProject_HE_classification/Results/Step1_Overview_results/Step1_problem_rows.csv

ISUP imbalance ratio (max/min): 34.82
ISUP entropy: 0.921
ISUP normalized entropy: 0.46

Summary table saved to: /data/newProject_HE_classification/Results/Step1_Overview_results/Step1_summary_table.csv
Normalized metadata saved to: /data/newProject_HE_classification/Results/Step1_Overview_results/Step1_metadata_normalized.csv
train.csv saved to: /data/newProject_HE_classification/train.csv
                            Metric     Value
0                        Total WSI  2802.000
1          Slides with image files   364.000
2       Slides without image files  2438.000
3                Slides with masks     0.000
4             Slides without masks  2802.000
5     Rows with missing ISUP grade     0.000
6             ISUP max class count  2298.000
7             ISUP min class count    66.000
8   ISUP imbalance ratio (max/min)    34.820
9                     ISUP entropy     0.921
10         ISUP normalized entropy     0.460
11                   ISUP 0 slides  2298.000
12                      ISUP 0 (%)    82.010
13                   ISUP 3 slides    66.000
14                      ISUP 3 (%)     2.360
15                   ISUP 4 slides   301.000
16                      ISUP 4 (%)    10.740
17                   ISUP 5 slides   137.000
18                      ISUP 5 (%)     4.890
19                 Lens 10X slides   830.000
20                    Lens 10X (%)    29.620
21                 Lens 40X slides  1608.000
22                    Lens 40X (%)    57.390
23                  Lens 4X slides   364.000
24                     Lens 4X (%)    12.990

===== STEP 1 FINISHED SUCCESSFULLY =====
